
> frontend@0.1.0 build
> next build

Γû▓ Next.js 16.2.1 (Turbopack)
- Environments: .env.local

  Creating an optimized production build ...
Γ£ô Compiled successfully in 3.8s
  Running TypeScript ...
  Finished TypeScript in 4.3s ...
  Collecting page data using 7 workers ...
  Generating static pages using 7 workers (0/19) ...
  Generating static pages using 7 workers (4/19) 
[AdminLayout] loading: true | user: null | role: none
[AdminLayout] loading: true | user: null | role: none
[AdminLayout] loading: true | user: null | role: none
  Generating static pages using 7 workers (9/19) 
  Generating static pages using 7 workers (14/19) 
[AdminLayout] loading: true | user: null | role: none
[AdminLayout] loading: true | user: null | role: none
Γ£ô Generating static pages using 7 workers (19/19) in 702ms
  Finalizing page optimization ...

Route (app)
Γöî Γùï /
Γö£ Γùï /_not-found
Γö£ Γùï /account
Γö£ Γùï /admin
Γö£ Γùï /admin/categories
Γö£ Γùï /admin/orders
Γö£ Γùï /admin/products
Γö£ Γùï /admin/users
Γö£ Γùï /cart
Γö£ Γùï /categories
Γö£ ╞Æ /category/[slug]
Γö£ Γùï /checkout
Γö£ Γùï /help
Γö£ Γùï /login
Γö£ Γùï /orders
Γö£ ╞Æ /product/[id]
Γö£ Γùï /products
Γö£ Γùï /register
Γöö Γùï /wishlist


Γùï  (Static)   prerendered as static content
╞Æ  (Dynamic)  server-rendered on demand

